// Vitest Snapshot v1, https://vitest.dev/guide/snapshot.html

exports[`formatUser snapshot > matches snapshot for Alice 1`] = `
{
  "active": true,
  "age": 30,
  "name": "Alice",
}
`;

exports[`formatUser snapshot > matches snapshot for Bob 1`] = `
{
  "active": true,
  "age": 25,
  "name": "Bob",
}
`;
